Neighbor info at step 0: radial(max=67,actual=28), angular(max=67,actual=28).
Neighbor info at step 1000: radial(max=67,actual=32), angular(max=67,actual=32).
Neighbor info at step 2000: radial(max=67,actual=33), angular(max=67,actual=33).
