    6.9531549046e+18    1.7975316223e+15   -5.0305191559e+06    0.0000000000e+00    0.0000000000e+00    5.7599276921e+14    0.0000000000e+00    0.0000000000e+00    0.0000000000e+00    1.0000000000e+01    1.0000000000e+01    1.0000000000e+01
